---
source: tests/requests/homepage.rs
expression: response.text()
---
"<!DOCTYPE html>\n<html>\n\n<head>\n    <title>Loco website\n    </title>\n    <meta charset=\"utf-8\">\n    <meta name=\"viewport\" content=\"width=device-width\">\n\n    <style type=\"text/css\">\n        body {\n            align-items: center;\n            background-color: #F0E7E9;\n            background-position: center center;\n            background-repeat: no-repeat;\n            background-size: cover;\n            color: #261B23;\n            display: flex;\n            flex-direction: column;\n            font-size: calc(0.9em + 0.5vw);\n            justify-content: center;\n            line-height: 1.25;\n            min-height: 100vh;\n            text-align: center;\n        }\n\n        nav {\n            font-size: 0;\n            line-height: 0;\n            max-height: 480px;\n            max-width: 480px;\n            min-height: 286px;\n            min-width: 286px;\n        }\n      \n      \n\n        nav a img {\n            height: auto;\n            max-width: 100%;\n            width: 100%;\n            cursor: pointer;\n        }\n\n        ul {\n            bottom: 0;\n            left: 0;\n            list-style: none;\n            margin: 0 2rem 2rem 2rem;\n            position: absolute;\n            right: 0;\n            font-size: 16px;\n        }\n    </style>\n</head>\n\n<body>  \n    Welcome to Loco website \n    <br/>\n    <nav>\n        <a href=\"https://loco.rs\" target=\"_blank\">\n            <img alt=\"\"\n                src=\"https://github.com/loco-rs/loco/raw/master/media/image.png\" />\n        </a>\n    </nav>\n    <br/>\n    <a href=\"https://loco.rs\" target=\"_blank\">loco.rs</a>\n\n    <ul>\n        <li><strong>Environment:</strong>\n           Test\n        </li>\n        \n    </ul>\n</body>\n\n</html>"
