---
source: tests/requests/notes.rs
expression: "(notes.status_code(), notes.text())"
---
(
    200,
    "{\"results\":[{\"title\":\"Loco note 1\",\"content\":\"content 1\"},{\"title\":\"Loco note 2\",\"content\":\"content 2\"},{\"title\":\"Loco note 3\",\"content\":\"content 3\"},{\"title\":\"Loco note 4\",\"content\":\"content 4\"},{\"title\":\"Loco note 5\",\"content\":\"content 5\"},{\"title\":\"Loco  6\",\"content\":\"content 6\"},{\"title\":\"Loco  7\",\"content\":\"content 7\"},{\"title\":\"Loco  8\",\"content\":\"content 8\"},{\"title\":\"Loco  9\",\"content\":\"content 9\"},{\"title\":\"Loco  10\",\"content\":\"content 10\"}],\"pagination\":{\"page\":1,\"page_size\":10,\"total_pages\":2}}",
)
