---
source: tests/requests/ping.rs
expression: "(response.text(), response.status_code())"
---
(
    "{\"ok\":true}",
    200,
)
