---
source: tests/models/main.rs
expression: new_user
---
Err(
    EntityExists,
)
